// Jest Snapshot v1, https://goo.gl/fbAQLP

exports[`Confirm snapshots should render with default html 1`] = `
<q-dialog-stub
  persistent="true"
  position="standard"
  value="true"
>
  <q-card-stub
    class="q-card"
    dark="true"
    tag="div"
  >
    <q-card-section-stub
      tag="div"
    >
      <div
        class="text q-mb-lg"
        style="color: rgb(255, 255, 255);"
      >
        sample text
      </div>
       
      <q-btn-group-stub
        class="q-btn-group"
        flat="true"
      >
        <q-btn-stub
          align="center"
          class="q-btn"
          color="green"
          flat="true"
          label="yes"
          ripple="true"
          size="md"
        />
         
        <q-btn-stub
          align="center"
          class="q-btn"
          color="red"
          flat="true"
          label="no"
          ripple="true"
          size="md"
        />
      </q-btn-group-stub>
    </q-card-section-stub>
  </q-card-stub>
</q-dialog-stub>
`;
