// Jest Snapshot v1, https://goo.gl/fbAQLP

exports[`Main snapshots should render with default html 1`] = `
<section
  style="background-color: rgb(62, 62, 62);"
>
  <div
    class="error-wrapper"
  >
    <p
      class="error-text"
      style="color: rgb(255, 255, 255);"
    >
      Players List is Empty
    </p>
     
    <p
      class="error-text"
      style="color: rgb(255, 255, 255);"
    >
      Select 'Add Players' from the App Menu
    </p>
  </div>
</section>
`;
