// Jest Snapshot v1, https://goo.gl/fbAQLP

exports[`MenuDrawer snapshots should render with default html 1`] = `
<div>
  <q-header-stub
    elevated="true"
    heighthint="50"
    revealoffset="250"
    style="background-color: rgb(0, 0, 0);"
    value="true"
  >
    <q-toolbar-stub>
      <q-btn-stub
        align="center"
        dense="true"
        flat="true"
        icon="menu"
        ripple="true"
        round="true"
        style="color: rgb(255, 255, 255);"
      />
       
      <q-toolbar-title-stub
        style="color: rgb(255, 255, 255);"
      >
        Score Keeper
      </q-toolbar-title-stub>
    </q-toolbar-stub>
  </q-header-stub>
   
  <q-drawer-stub
    behavior="mobile"
    bordered="true"
    breakpoint="1023"
    dark="true"
    miniwidth="57"
    overlay="true"
    side="left"
    width="200"
  >
    <q-scroll-area-stub
      class="fit"
      delay="1000"
    >
      <q-list-stub>
        <q-item-stub
          clickable="true"
          tag="div"
        >
          <q-item-section-stub
            avatar="true"
          >
            <q-icon-stub
              name="group_add"
              tag="i"
            />
          </q-item-section-stub>
           
          <q-item-section-stub>
            Add Players
          </q-item-section-stub>
        </q-item-stub>
         
        <q-separator-stub />
        <q-item-stub
          clickable="true"
          tag="div"
        >
          <q-item-section-stub
            avatar="true"
          >
            <q-icon-stub
              name="sports_score"
              tag="i"
            />
          </q-item-section-stub>
           
          <q-item-section-stub>
            Score Limits
          </q-item-section-stub>
        </q-item-stub>
         
        <q-separator-stub />
        <q-item-stub
          clickable="true"
          tag="div"
        >
          <q-item-section-stub
            avatar="true"
          >
            <q-icon-stub
              name="restart_alt"
              tag="i"
            />
          </q-item-section-stub>
           
          <q-item-section-stub>
            Zero Scores
          </q-item-section-stub>
        </q-item-stub>
         
        <q-separator-stub />
        <q-item-stub
          clickable="true"
          tag="div"
        >
          <q-item-section-stub
            avatar="true"
          >
            <q-icon-stub
              name="delete"
              tag="i"
            />
          </q-item-section-stub>
           
          <q-item-section-stub>
            Delete Players
          </q-item-section-stub>
        </q-item-stub>
         
        <q-separator-stub />
        <q-item-stub
          clickable="true"
          tag="div"
        >
          <q-item-section-stub
            avatar="true"
          >
            <q-icon-stub
              name="dark_mode"
              tag="i"
            />
          </q-item-section-stub>
           
          <q-item-section-stub>
            Toggle Colors
          </q-item-section-stub>
        </q-item-stub>
         
        <q-separator-stub />
        <q-item-stub
          clickable="true"
          tag="div"
        >
          <q-item-section-stub
            avatar="true"
          >
            <q-icon-stub
              name="phonelink_erase"
              tag="i"
            />
          </q-item-section-stub>
           
          <q-item-section-stub>
            Clear Data
          </q-item-section-stub>
        </q-item-stub>
         
        <q-separator-stub />
      </q-list-stub>
    </q-scroll-area-stub>
  </q-drawer-stub>
   
  <score-limits-stub />
   
  <add-players-stub />
   
  <confirm-stub
    onno="[Function]"
    onyes="[Function]"
    text="Reset all scores to zero?"
  />
   
  <confirm-stub
    onno="[Function]"
    onyes="[Function]"
    text="Delete all players?"
  />
   
  <confirm-stub
    onno="[Function]"
    onyes="[Function]"
    text="Clear all app data?"
  />
</div>
`;
