// Jest Snapshot v1, https://goo.gl/fbAQLP

exports[`PlayerName snapshots should render with default html 1`] = `
<q-dialog-stub
  persistent="true"
  position="standard"
  value="true"
>
  <q-card-stub
    class="q-card"
    dark="true"
    tag="div"
  >
    <q-card-section-stub
      tag="div"
    >
      <div
        class="q-mb-md"
      >
        <div
          class="text q-mb-sm"
          style="color: rgb(255, 255, 255);"
        >
          Edit Name
        </div>
         
        <q-separator-stub
          class="q-mb-lg"
          color="blue"
          inset="true"
        />
         
        <q-input-stub
          dark="true"
          maxlength="20"
          rules="[Function]"
          style="font-size: 16px;"
          type="text"
          value=""
        />
      </div>
       
      <q-btn-group-stub
        class="q-btn-group"
        flat="true"
      >
        <q-btn-stub
          align="center"
          class="q-btn"
          color="green"
          flat="true"
          label="save"
          ripple="true"
          size="md"
        />
         
        <q-btn-stub
          align="center"
          class="q-btn"
          color="red"
          flat="true"
          label="cancel"
          ripple="true"
          size="md"
        />
      </q-btn-group-stub>
    </q-card-section-stub>
  </q-card-stub>
</q-dialog-stub>
`;
