// Jest Snapshot v1, https://goo.gl/fbAQLP

exports[`ScoreLimits snapshots should render with default html 1`] = `
<div>
  <q-dialog-stub
    persistent="true"
    position="standard"
    value="true"
  >
    <q-card-stub
      class="q-card"
      dark="true"
      tag="div"
    >
      <q-card-section-stub
        tag="div"
      >
        <div
          class="text q-mb-sm"
          style="color: rgb(255, 255, 255);"
        >
          Score Limits
        </div>
         
        <q-separator-stub
          color="blue"
          inset="true"
        />
         
        <div
          class="q-mt-lg"
          style="color: rgb(151, 151, 151);"
        >
          min
        </div>
         
        <q-input-stub
          dark="true"
          rules="[Function]"
          style="font-size: 16px;"
          type="number"
          value="0"
        />
         
        <div
          style="color: rgb(151, 151, 151);"
        >
          max
        </div>
         
        <q-input-stub
          dark="true"
          rules="[Function]"
          style="font-size: 16px;"
          type="number"
          value="0"
        />
         
        <q-btn-group-stub
          class="q-btn-group"
          flat="true"
        >
          <q-btn-stub
            align="center"
            class="q-btn"
            color="green"
            flat="true"
            label="save"
            ripple="true"
            size="md"
          />
           
          <q-btn-stub
            align="center"
            class="q-btn"
            color="red"
            flat="true"
            label="cancel"
            ripple="true"
            size="md"
          />
        </q-btn-group-stub>
      </q-card-section-stub>
    </q-card-stub>
  </q-dialog-stub>
   
  <q-dialog-stub
    persistent="true"
    position="standard"
  >
    <q-card-stub
      class="q-card"
      dark="true"
      tag="div"
    >
      <q-card-section-stub
        tag="div"
      >
        <div
          class="q-mb-md"
        >
          <div
            class="text q-mb-sm"
            style="color: rgb(255, 255, 255);"
          >
            <q-icon-stub
              color="red"
              name="error"
              tag="i"
            />
             Score Rules
          </div>
           
          <q-separator-stub
            color="blue"
            inset="true"
          />
           
          <div
            class="text q-my-md"
            style="color: rgb(255, 255, 255);"
          >
            Min Score must be -500 to 0
          </div>
           
          <div
            class="text"
            style="color: rgb(255, 255, 255);"
          >
            Max Score must be 1 to 500
          </div>
        </div>
         
        <q-btn-stub
          align="center"
          color="green"
          flat="true"
          label="ok"
          ripple="true"
          size="md"
          style="width: 100%;"
        />
      </q-card-section-stub>
    </q-card-stub>
  </q-dialog-stub>
</div>
`;
